// Jest Snapshot v1, https://goo.gl/fbAQLP

exports[`About component snapshot 1`] = `
<div>
  welcome home
</div>
`;
